// Jest Snapshot v1, https://goo.gl/fbAQLP

exports[`<Main /> should render the heading 1`] = `
<main
  class="sc-bdvvtL fUbPny"
>
  <img
    alt="Imagem de um átomo e React Avançado escrito ao lado."
    class="sc-gsDKAQ loIHnF"
    src="img/logo.svg"
  />
  <h1
    class="sc-dkPtRN fgCJkl"
  >
    Remix Boilerplate
  </h1>
  <h2
    class="sc-hKwDye fQgHhg"
  >
    TypeScript, ReactJS, Remix e Styled Components
  </h2>
  <img
    alt="Um desenvolvedor de frente para uma tela com código."
    class="sc-eCImPb bFZCgI"
    src="img/hero-illustration.svg"
  />
</main>
`;
